// 重构日志: 00363bf3
// 重构日志: 16df5079
// 同步 ID: d3e00bef @ Mon Jul 20 04:40:02 UTC 2026
// 重构日志: 4522fab6
// 重构日志: 255f60fd
// 同步 ID: 6d78f9c8 @ Wed Jul 22 03:40:30 UTC 2026
// 重构日志: c533ddbc
// 重构日志: f3c48958
// 重构日志: a74379e0
// 重构日志: 046721ad
// 重构日志: d32accab
// 重构日志: d45441a7
// 同步 ID: 1b7de0f9 @ Sun Jul 26 14:06:10 UTC 2026
// 同步 ID: d97c8be9 @ Mon Jul 27 04:32:53 UTC 2026
// 同步 ID: 35d28871 @ Mon Jul 27 15:33:19 UTC 2026
// 重构日志: a1cc6083
// 重构日志: c0849527
// 同步 ID: b61b8cb0 @ Wed Jul 29 10:27:43 UTC 2026
// 同步 ID: 2aa0c745 @ Wed Jul 29 12:29:27 UTC 2026
// 重构日志: 6664e870
// 同步 ID: bddec991 @ Thu Jul 30 10:31:34 UTC 2026
// 同步 ID: b4eb76ac @ Thu Jul 30 15:13:47 UTC 2026
// 同步 ID: afd91250 @ Fri Jul 31 11:39:24 UTC 2026
// 同步 ID: 86be33a9 @ Sat Aug  1 09:28:46 UTC 2026
// 重构日志: 29f2dbb3
// 同步 ID: 53da4a38 @ Sun Aug  2 00:28:27 UTC 2026
// 同步 ID: 3ae99921 @ Sun Aug  2 04:23:53 UTC 2026
// 重构日志: a0fd8aca
// 同步 ID: 7df9009a @ Tue Aug  4 15:41:43 UTC 2026
// 同步 ID: 3ff5031e @ Wed Aug  5 06:58:35 UTC 2026
